*** Vertices:
Vertex Excitatory_Cells, size: 750, model: AbstractPopulationVertex, max_atoms: 256
    Outgoing Edge Partitions:
    Partition SPIKE:
        Edge: projection edge 1, From Excitatory_Cells to Excitatory_Cells, model: ProjectionApplicationEdge

Vertex Inhibitory_Cells, size: 750, model: AbstractPopulationVertex, max_atoms: 256
    Outgoing Edge Partitions:

Vertex Excitatory_Cells1, size: 750, model: AbstractPopulationVertex, max_atoms: 256
    Outgoing Edge Partitions:

Vertex Inhibitory_Cells2, size: 750, model: AbstractPopulationVertex, max_atoms: 256
    Outgoing Edge Partitions:

Vertex Excitatory_Cells3, size: 750, model: AbstractPopulationVertex, max_atoms: 256
    Outgoing Edge Partitions:
    Partition SPIKE:
        Edge: projection edge 2, From Excitatory_Cells3 to Excitatory_Cells3, model: ProjectionApplicationEdge

Vertex Inhibitory_Cells4, size: 750, model: AbstractPopulationVertex, max_atoms: 256
    Outgoing Edge Partitions:

Vertex Excitatory_Cells5, size: 750, model: AbstractPopulationVertex, max_atoms: 256
    Outgoing Edge Partitions:
    Partition SPIKE:
        Edge: projection edge 3, From Excitatory_Cells5 to Excitatory_Cells5, model: ProjectionApplicationEdge
        Edge: projection edge 4, From Excitatory_Cells5 to Inhibitory_Cells6, model: ProjectionApplicationEdge

Vertex Inhibitory_Cells6, size: 750, model: AbstractPopulationVertex, max_atoms: 256
    Outgoing Edge Partitions:
    Partition SPIKE:
        Edge: projection edge 5, From Inhibitory_Cells6 to Excitatory_Cells5, model: ProjectionApplicationEdge
        Edge: projection edge 6, From Inhibitory_Cells6 to Inhibitory_Cells6, model: ProjectionApplicationEdge

Vertex expoisson, size: 20, model: SpikeSourcePoissonVertex, max_atoms: 500
    Outgoing Edge Partitions:
    Partition SPIKE:
        Edge: projection edge 7, From expoisson to Excitatory_Cells5, model: ProjectionApplicationEdge
        Edge: projection edge 8, From expoisson to Inhibitory_Cells6, model: ProjectionApplicationEdge

