*** Vertices:
Vertex Excitatory_Cells, size: 750, model: AbstractPopulationVertex, max_atoms: 256
    Outgoing Edge Partitions:
    Partition SPIKE:
        Edge: projection edge 1, From Excitatory_Cells to Excitatory_Cells, model: ProjectionApplicationEdge
        Edge: projection edge 2, From Excitatory_Cells to Inhibitory_Cells, model: ProjectionApplicationEdge

Vertex Inhibitory_Cells, size: 750, model: AbstractPopulationVertex, max_atoms: 256
    Outgoing Edge Partitions:
    Partition SPIKE:
        Edge: projection edge 3, From Inhibitory_Cells to Excitatory_Cells, model: ProjectionApplicationEdge
        Edge: projection edge 4, From Inhibitory_Cells to Inhibitory_Cells, model: ProjectionApplicationEdge

Vertex expoisson, size: 20, model: SpikeSourcePoissonVertex, max_atoms: 500
    Outgoing Edge Partitions:
    Partition SPIKE:
        Edge: projection edge 5, From expoisson to Excitatory_Cells, model: ProjectionApplicationEdge
        Edge: projection edge 6, From expoisson to Inhibitory_Cells, model: ProjectionApplicationEdge

